          Cell 01 - Address: 08:36:C9:97:16:21
          Cell 02 - Address: 54:BE:F7:4A:8F:EC
          Cell 03 - Address: 08:36:C9:97:14:95
          Cell 04 - Address: 08:36:C9:8F:3F:EB
          Cell 05 - Address: 12:59:32:52:E1:01
          Cell 06 - Address: 30:23:03:F7:0D:7B
          Cell 07 - Address: 36:9F:7B:7E:4C:54
          Cell 08 - Address: D4:B9:2F:50:AD:73
          Cell 09 - Address: A0:04:60:AB:A6:78
          Cell 10 - Address: D4:B9:2F:50:AD:7B
          Cell 11 - Address: 88:9E:68:B4:16:CD
          Cell 12 - Address: D4:B9:2F:50:AD:7D
          Cell 13 - Address: 88:9E:68:B4:16:CF
          Cell 14 - Address: F4:0E:83:DB:66:E4
          Cell 15 - Address: 06:0E:83:DB:66:E4
          Cell 16 - Address: 72:2B:B2:6E:17:60
          Cell 17 - Address: FC:2B:B2:6E:17:62
          Cell 18 - Address: CA:36:C9:97:14:95
          Cell 19 - Address: 72:36:C9:97:16:21
          Cell 20 - Address: 08:36:C9:8F:3F:EA
          Cell 21 - Address: 88:9E:68:B4:32:0E
          Cell 22 - Address: 88:9E:68:B4:32:0F
          Cell 23 - Address: A4:56:CC:17:F5:8E
          Cell 24 - Address: 06:0E:83:BA:6B:31
          Cell 25 - Address: D4:B9:2F:50:AD:74
          Cell 26 - Address: D4:B9:2F:50:AD:78
          Cell 27 - Address: F6:0E:83:BA:6B:31
          Cell 28 - Address: D4:B9:2F:50:AD:7E
          Cell 29 - Address: 72:36:C9:97:16:22
          Cell 30 - Address: A0:FF:70:66:B6:7F
          Cell 31 - Address: C2:93:5B:C5:74:7D
          Cell 32 - Address: D4:B9:2F:68:E3:3F
          Cell 33 - Address: F4:0E:83:DB:3A:FC
          Cell 34 - Address: D2:93:5B:C5:74:7D
          Cell 35 - Address: F4:0E:83:BA:6B:31
          Cell 36 - Address: 62:45:B6:8D:56:6D
          Cell 37 - Address: 0A:F5:32:86:15:D4
          Cell 38 - Address: F4:0E:83:DB:3A:FB
          Cell 39 - Address: F4:0E:83:BA:6B:30
          Cell 40 - Address: D2:DA:F9:AE:A8:EC
          Cell 41 - Address: 58:6D:8F:9B:7A:B8
          Cell 42 - Address: 58:19:F8:D0:21:86
          Cell 43 - Address: 36:0E:83:BA:6B:31
          Cell 44 - Address: 7A:19:F8:D0:21:86
          Cell 45 - Address: BC:9B:68:E6:57:F7
          Cell 46 - Address: BC:9B:68:E6:57:F8
          Cell 47 - Address: A4:56:CC:17:F5:8C
          Cell 48 - Address: A4:56:CC:17:F5:90
          Cell 49 - Address: A0:FF:70:66:B6:77
          Cell 50 - Address: A0:FF:70:66:B6:7A
          Cell 51 - Address: 16:0E:83:DB:3A:FB
          Cell 52 - Address: A4:56:CC:17:F5:84
          Cell 53 - Address: A4:56:CC:17:F5:88
          Cell 54 - Address: F8:F5:32:86:15:D3
          Cell 55 - Address: D2:93:5B:C5:74:7C
          Cell 56 - Address: FA:F5:32:86:15:D4
          Cell 57 - Address: 36:0E:83:DB:3A:FC
          Cell 58 - Address: FE:49:2D:BC:DF:BE
          Cell 59 - Address: 0A:78:5B:95:18:E6
          Cell 60 - Address: CA:9F:EC:21:97:A1
          Cell 61 - Address: FE:49:2D:BC:DF:BE
          Cell 62 - Address: D4:B9:2F:50:AD:7C
          Cell 63 - Address: D4:B9:2F:50:AD:80
          Cell 64 - Address: F6:0E:83:DB:66:E4
          Cell 65 - Address: F2:93:5B:C5:74:7D
          Cell 66 - Address: 7C:05:07:6E:7E:8E
          Cell 67 - Address: BC:9B:68:E6:57:F0
          Cell 68 - Address: 44:1C:12:7C:FF:F0
          Cell 69 - Address: F6:0E:83:DB:66:E3
          Cell 70 - Address: BC:9B:68:E6:57:F6
          Cell 71 - Address: E6:BF:FA:7C:E4:6F
          Cell 72 - Address: 58:6D:8F:9B:7A:B9
