                    ESSID:""
                    ESSID:"4a8fec"
                    ESSID:"6e7e8e"
                    ESSID:"atari2600"
                    ESSID:"CoxWiFi"
                    ESSID:"DB66E4"
                    ESSID:"DCWIFI2.4G"
                    ESSID:"DCWIFI5G"
                    ESSID:"DIRECT-roku-KKD-014AAD"
                    ESSID:"DIRECT-Xw54-TS5300series"
                    ESSID:"Gxtti Only Mf"
                    ESSID:"JBM72"
                    ESSID:"JesusIsEnough"
                    ESSID:"Kinetic_802135"
                    ESSID:"NETGEAR31"
                    ESSID:"NoPe Lmao"
                    ESSID:"Queen"
                    ESSID:"Rise of Skywalker"
                    ESSID:"RobinsonWifi"
                    ESSID:"Self Destruct Sequence"
                    ESSID:"SETUP-A723"
                    ESSID:"SWatt"
                    ESSID:"\x00\x00\x00\x00\x00\x00\x00\x00\x00\x00\x00\x00\x00\x00\x00\x00\x00\x00\x00\x00\x00"
