pi@autocar:~ $ ipython
Python 3.7.3 (default, Jul 25 2020, 13:03:44) 
Type "copyright", "credits" or "license" for more information.

IPython 5.8.0 -- An enhanced Interactive Python.
?         -> Introduction and overview of IPython's features.
%quickref -> Quick reference.
help      -> Python's own help system.
object?   -> Details about 'object', use 'object??' for extra details.

In [1]: import pyshark
   ...: cap = pyshark.FileCapture('./picar-8080.pcap')
   ...: cap
   ...: 
Out[1]: <FileCapture ./picar-8080.pcap>

In [2]: print(cap[0])
Packet (Length: 74)
Layer ETH:
	Destination: e4:5f:01:2a:64:fa
	Address: e4:5f:01:2a:64:fa
	.... ..0. .... .... .... .... = LG bit: Globally unique address (factory default)
	.... ...0 .... .... .... .... = IG bit: Individual address (unicast)
	Source: 00:0c:29:5c:04:22
	Type: IPv4 (0x0800)
	Address: 00:0c:29:5c:04:22
	.... ..0. .... .... .... .... = LG bit: Globally unique address (factory default)
	.... ...0 .... .... .... .... = IG bit: Individual address (unicast)
Layer IP:
	0100 .... = Version: 4
	.... 0101 = Header Length: 20 bytes (5)
	Differentiated Services Field: 0x00 (DSCP: CS0, ECN: Not-ECT)
	0000 00.. = Differentiated Services Codepoint: Default (0)
	.... ..00 = Explicit Congestion Notification: Not ECN-Capable Transport (0)
	Total Length: 60
	Identification: 0x6e8b (28299)
	Flags: 0x4000, Don't fragment
	0... .... .... .... = Reserved bit: Not set
	.1.. .... .... .... = Don't fragment: Set
	..0. .... .... .... = More fragments: Not set
	Fragment offset: 0
	Time to live: 64
	Protocol: TCP (6)
	Header checksum: 0x48cb [validation disabled]
	Header checksum status: Unverified
	Source: 192.168.1.13
	Destination: 192.168.1.8
Layer TCP:
	Source Port: 58890
	Destination Port: 8080
	Stream index: 0
	TCP Segment Len: 0
	Sequence number: 0    (relative sequence number)
	Next sequence number: 0    (relative sequence number)
	Acknowledgment number: 0
	1010 .... = Header Length: 40 bytes (10)
	Flags: 0x002 (SYN)
	000. .... .... = Reserved: Not set
	...0 .... .... = Nonce: Not set
	.... 0... .... = Congestion Window Reduced (CWR): Not set
	.... .0.. .... = ECN-Echo: Not set
	.... ..0. .... = Urgent: Not set
	.... ...0 .... = Acknowledgment: Not set
	.... .... 0... = Push: Not set
	.... .... .0.. = Reset: Not set
	.... .... ..1. = Syn: Set
	Expert Info (Chat/Sequence): Connection establish request (SYN): server port 8080
	Connection establish request (SYN): server port 8080
	Severity level: Chat
	Group: Sequence
	.... .... ...0 = Fin: Not set
	TCP Flags: \xc2\xb7\xc2\xb7\xc2\xb7\xc2\xb7\xc2\xb7\xc2\xb7\xc2\xb7\xc2\xb7\xc2\xb7\xc2\xb7S\xc2\xb7
	Window size value: 64240
	Calculated window size: 64240
	Checksum: 0xfff4 [unverified]
	Checksum Status: Unverified
	Urgent pointer: 0
	Options: (20 bytes), Maximum segment size, SACK permitted, Timestamps, No-Operation (NOP), Window scale
	TCP Option - Maximum segment size: 1460 bytes
	Kind: Maximum Segment Size (2)
	Length: 4
	MSS Value: 1460
	TCP Option - SACK permitted
	TCP Option - Timestamps: TSval 1397935898, TSecr 0
	Timestamp value: 1397935898
	Timestamp echo reply: 0
	TCP Option - No-Operation (NOP)
	TCP Option - Window scale: 7 (multiply by 128)
	Shift count: 7
	Multiplier: 128
	Timestamps
	Time since first frame in this TCP stream: 0.000000000 seconds
	Time since previous frame in this TCP stream: 0.000000000 seconds
	Kind: SACK Permitted (4)
	Kind: Time Stamp Option (8)
	Kind: No-Operation (1)
	Kind: Window Scale (3)
	Length: 2
	Length: 10
	Length: 3


In [3]: print(cap[1])
Packet (Length: 74)
Layer ETH:
	Destination: 00:0c:29:5c:04:22
	Address: 00:0c:29:5c:04:22
	.... ..0. .... .... .... .... = LG bit: Globally unique address (factory default)
	.... ...0 .... .... .... .... = IG bit: Individual address (unicast)
	Source: e4:5f:01:2a:64:fa
	Type: IPv4 (0x0800)
	Address: e4:5f:01:2a:64:fa
	.... ..0. .... .... .... .... = LG bit: Globally unique address (factory default)
	.... ...0 .... .... .... .... = IG bit: Individual address (unicast)
Layer IP:
	0100 .... = Version: 4
	.... 0101 = Header Length: 20 bytes (5)
	Differentiated Services Field: 0x00 (DSCP: CS0, ECN: Not-ECT)
	0000 00.. = Differentiated Services Codepoint: Default (0)
	.... ..00 = Explicit Congestion Notification: Not ECN-Capable Transport (0)
	Total Length: 60
	Identification: 0x0000 (0)
	Flags: 0x4000, Don't fragment
	0... .... .... .... = Reserved bit: Not set
	.1.. .... .... .... = Don't fragment: Set
	..0. .... .... .... = More fragments: Not set
	Fragment offset: 0
	Time to live: 64
	Protocol: TCP (6)
	Header checksum: 0xb756 [validation disabled]
	Header checksum status: Unverified
	Source: 192.168.1.8
	Destination: 192.168.1.13
Layer TCP:
	Source Port: 8080
	Destination Port: 58890
	Stream index: 0
	TCP Segment Len: 0
	Sequence number: 0    (relative sequence number)
	Next sequence number: 0    (relative sequence number)
	Acknowledgment number: 1    (relative ack number)
	1010 .... = Header Length: 40 bytes (10)
	Flags: 0x012 (SYN, ACK)
	000. .... .... = Reserved: Not set
	...0 .... .... = Nonce: Not set
	.... 0... .... = Congestion Window Reduced (CWR): Not set
	.... .0.. .... = ECN-Echo: Not set
	.... ..0. .... = Urgent: Not set
	.... ...1 .... = Acknowledgment: Set
	.... .... 0... = Push: Not set
	.... .... .0.. = Reset: Not set
	.... .... ..1. = Syn: Set
	Expert Info (Chat/Sequence): Connection establish acknowledge (SYN+ACK): server port 8080
	Connection establish acknowledge (SYN+ACK): server port 8080
	Severity level: Chat
	Group: Sequence
	.... .... ...0 = Fin: Not set
	TCP Flags: \xc2\xb7\xc2\xb7\xc2\xb7\xc2\xb7\xc2\xb7\xc2\xb7\xc2\xb7A\xc2\xb7\xc2\xb7S\xc2\xb7
	Window size value: 65160
	Calculated window size: 65160
	Checksum: 0x7a6f [unverified]
	Checksum Status: Unverified
	Urgent pointer: 0
	Options: (20 bytes), Maximum segment size, SACK permitted, Timestamps, No-Operation (NOP), Window scale
	TCP Option - Maximum segment size: 1460 bytes
	Kind: Maximum Segment Size (2)
	Length: 4
	MSS Value: 1460
	TCP Option - SACK permitted
	TCP Option - Timestamps: TSval 1938257487, TSecr 1397935898
	Timestamp value: 1938257487
	Timestamp echo reply: 1397935898
	TCP Option - No-Operation (NOP)
	TCP Option - Window scale: 7 (multiply by 128)
	Shift count: 7
	Multiplier: 128
	SEQ/ACK analysis
	This is an ACK to the segment in frame: 1
	The RTT to ACK the segment was: 0.000081000 seconds
	Timestamps
	Time since first frame in this TCP stream: 0.000081000 seconds
	Time since previous frame in this TCP stream: 0.000081000 seconds
	Kind: SACK Permitted (4)
	Kind: Time Stamp Option (8)
	Kind: No-Operation (1)
	Kind: Window Scale (3)
	Length: 2
	Length: 10
	Length: 3


In [4]: dir(cap)
Out[4]: 
['DEFAULT_BATCH_SIZE',
 'DEFAULT_LOG_LEVEL',
 'SUMMARIES_BATCH_SIZE',
 'SUPPORTED_ENCRYPTION_STANDARDS',
 '_Capture__tshark_version',
 '__aenter__',
 '__aexit__',
 '__class__',
 '__del__',
 '__delattr__',
 '__dict__',
 '__dir__',
 '__doc__',
 '__enter__',
 '__eq__',
 '__exit__',
 '__format__',
 '__ge__',
 '__getattribute__',
 '__getitem__',
 '__gt__',
 '__hash__',
 '__init__',
 '__init_subclass__',
 '__iter__',
 '__le__',
 '__len__',
 '__lt__',
 '__module__',
 '__ne__',
 '__new__',
 '__reduce__',
 '__reduce_ex__',
 '__repr__',
 '__setattr__',
 '__sizeof__',
 '__str__',
 '__subclasshook__',
 '__weakref__',
 '_capture_filter',
 '_cleanup_subprocess',
 '_closed',
 '_created_new_process',
 '_current_packet',
 '_custom_parameters',
 '_decode_as',
 '_disable_protocol',
 '_display_filter',
 '_eof_reached',
 '_extract_packet_json_from_data',
 '_extract_tag_from_data',
 '_get_json_separators',
 '_get_packet_from_stream',
 '_get_psml_struct',
 '_get_tshark_path',
 '_get_tshark_process',
 '_get_tshark_version',
 '_go_through_packets_from_fd',
 '_json_has_duplicate_keys',
 '_log',
 '_only_summaries',
 '_output_file',
 '_override_prefs',
 '_packet_generator',
 '_packets',
 '_packets_from_tshark_sync',
 '_running_processes',
 '_setup_eventloop',
 '_stderr_output',
 'apply_on_packets',
 'clear',
 'close',
 'close_async',
 'debug',
 'encryption',
 'eventloop',
 'get_parameters',
 'include_raw',
 'input_filename',
 'keep_packets',
 'load_packets',
 'loaded',
 'next',
 'next_packet',
 'packets_from_tshark',
 'reset',
 'set_debug',
 'tshark_path',
 'use_json']

In [5]: print(cap[2])
Packet (Length: 66)
Layer ETH:
	Destination: e4:5f:01:2a:64:fa
	Address: e4:5f:01:2a:64:fa
	.... ..0. .... .... .... .... = LG bit: Globally unique address (factory default)
	.... ...0 .... .... .... .... = IG bit: Individual address (unicast)
	Source: 00:0c:29:5c:04:22
	Type: IPv4 (0x0800)
	Address: 00:0c:29:5c:04:22
	.... ..0. .... .... .... .... = LG bit: Globally unique address (factory default)
	.... ...0 .... .... .... .... = IG bit: Individual address (unicast)
Layer IP:
	0100 .... = Version: 4
	.... 0101 = Header Length: 20 bytes (5)
	Differentiated Services Field: 0x00 (DSCP: CS0, ECN: Not-ECT)
	0000 00.. = Differentiated Services Codepoint: Default (0)
	.... ..00 = Explicit Congestion Notification: Not ECN-Capable Transport (0)
	Total Length: 52
	Identification: 0x6e8c (28300)
	Flags: 0x4000, Don't fragment
	0... .... .... .... = Reserved bit: Not set
	.1.. .... .... .... = Don't fragment: Set
	..0. .... .... .... = More fragments: Not set
	Fragment offset: 0
	Time to live: 64
	Protocol: TCP (6)
	Header checksum: 0x48d2 [validation disabled]
	Header checksum status: Unverified
	Source: 192.168.1.13
	Destination: 192.168.1.8
Layer TCP:
	Source Port: 58890
	Destination Port: 8080
	Stream index: 0
	TCP Segment Len: 0
	Sequence number: 1    (relative sequence number)
	Next sequence number: 1    (relative sequence number)
	Acknowledgment number: 1    (relative ack number)
	1000 .... = Header Length: 32 bytes (8)
	Flags: 0x010 (ACK)
	000. .... .... = Reserved: Not set
	...0 .... .... = Nonce: Not set
	.... 0... .... = Congestion Window Reduced (CWR): Not set
	.... .0.. .... = ECN-Echo: Not set
	.... ..0. .... = Urgent: Not set
	.... ...1 .... = Acknowledgment: Set
	.... .... 0... = Push: Not set
	.... .... .0.. = Reset: Not set
	.... .... ..0. = Syn: Not set
	.... .... ...0 = Fin: Not set
	TCP Flags: \xc2\xb7\xc2\xb7\xc2\xb7\xc2\xb7\xc2\xb7\xc2\xb7\xc2\xb7A\xc2\xb7\xc2\xb7\xc2\xb7\xc2\xb7
	Window size value: 502
	Calculated window size: 64256
	Window size scaling factor: 128
	Checksum: 0xa5a6 [unverified]
	Checksum Status: Unverified
	Urgent pointer: 0
	Options: (12 bytes), No-Operation (NOP), No-Operation (NOP), Timestamps
	TCP Option - No-Operation (NOP)
	Kind: No-Operation (1)
	TCP Option - Timestamps: TSval 1397935938, TSecr 1938257487
	Length: 10
	Timestamp value: 1397935938
	Timestamp echo reply: 1938257487
	SEQ/ACK analysis
	This is an ACK to the segment in frame: 2
	The RTT to ACK the segment was: 0.008141000 seconds
	iRTT: 0.008222000 seconds
	Timestamps
	Time since first frame in this TCP stream: 0.008222000 seconds
	Time since previous frame in this TCP stream: 0.008141000 seconds
	TCP Option - No-Operation (NOP)
	Kind: No-Operation (1)
	Kind: Time Stamp Option (8)


In [6]: print(cap[3])
Packet (Length: 464)
Layer ETH:
	Destination: e4:5f:01:2a:64:fa
	Address: e4:5f:01:2a:64:fa
	.... ..0. .... .... .... .... = LG bit: Globally unique address (factory default)
	.... ...0 .... .... .... .... = IG bit: Individual address (unicast)
	Source: 00:0c:29:5c:04:22
	Type: IPv4 (0x0800)
	Address: 00:0c:29:5c:04:22
	.... ..0. .... .... .... .... = LG bit: Globally unique address (factory default)
	.... ...0 .... .... .... .... = IG bit: Individual address (unicast)
Layer IP:
	0100 .... = Version: 4
	.... 0101 = Header Length: 20 bytes (5)
	Differentiated Services Field: 0x00 (DSCP: CS0, ECN: Not-ECT)
	0000 00.. = Differentiated Services Codepoint: Default (0)
	.... ..00 = Explicit Congestion Notification: Not ECN-Capable Transport (0)
	Total Length: 450
	Identification: 0x6e8d (28301)
	Flags: 0x4000, Don't fragment
	0... .... .... .... = Reserved bit: Not set
	.1.. .... .... .... = Don't fragment: Set
	..0. .... .... .... = More fragments: Not set
	Fragment offset: 0
	Time to live: 64
	Protocol: TCP (6)
	Header checksum: 0x4743 [validation disabled]
	Header checksum status: Unverified
	Source: 192.168.1.13
	Destination: 192.168.1.8
Layer TCP:
	Source Port: 58890
	Destination Port: 8080
	Stream index: 0
	TCP Segment Len: 398
	Sequence number: 1    (relative sequence number)
	Next sequence number: 399    (relative sequence number)
	Acknowledgment number: 1    (relative ack number)
	1000 .... = Header Length: 32 bytes (8)
	Flags: 0x018 (PSH, ACK)
	000. .... .... = Reserved: Not set
	...0 .... .... = Nonce: Not set
	.... 0... .... = Congestion Window Reduced (CWR): Not set
	.... .0.. .... = ECN-Echo: Not set
	.... ..0. .... = Urgent: Not set
	.... ...1 .... = Acknowledgment: Set
	.... .... 1... = Push: Set
	.... .... .0.. = Reset: Not set
	.... .... ..0. = Syn: Not set
	.... .... ...0 = Fin: Not set
	TCP Flags: \xc2\xb7\xc2\xb7\xc2\xb7\xc2\xb7\xc2\xb7\xc2\xb7\xc2\xb7AP\xc2\xb7\xc2\xb7\xc2\xb7
	Window size value: 502
	Calculated window size: 64256
	Window size scaling factor: 128
	Checksum: 0xce6a [unverified]
	Checksum Status: Unverified
	Urgent pointer: 0
	Options: (12 bytes), No-Operation (NOP), No-Operation (NOP), Timestamps
	TCP Option - No-Operation (NOP)
	Kind: No-Operation (1)
	TCP Option - Timestamps: TSval 1397935938, TSecr 1938257487
	Length: 10
	Timestamp value: 1397935938
	Timestamp echo reply: 1938257487
	SEQ/ACK analysis
	iRTT: 0.008222000 seconds
	Bytes in flight: 398
	Bytes sent since last PSH flag: 398
	Timestamps
	Time since first frame in this TCP stream: 0.132862000 seconds
	Time since previous frame in this TCP stream: 0.124640000 seconds
	TCP payload (398 bytes)
	TCP Option - No-Operation (NOP)
	Kind: No-Operation (1)
	Kind: Time Stamp Option (8)
Layer HTTP:
	POST / HTTP/1.1\r\n
	Expert Info (Chat/Sequence): POST / HTTP/1.1\r\n
	POST / HTTP/1.1\r\n
	Severity level: Chat
	Group: Sequence
	Request Method: POST
	Request URI: /
	Request Version: HTTP/1.1
	Host: 192.168.1.8:8080\r\n
	Connection: keep-alive\r\n
	Content-Length: 36\r\n
	Content length: 36
	Accept: application/json\r\n
	User-Agent: Mozilla/5.0 (X11; Linux x86_64) AppleWebKit/537.36 (KHTML, like Gecko) electron-quick-start/1.0.0 Chrome/83.0.4103.122 Electron/9.4.4 Safari/537.36\r\n
	Content-Type: application/json\r\n
	Accept-Encoding: gzip, deflate\r\n
	Accept-Language: en-US\r\n
	Full request URI: http://192.168.1.8:8080/
	HTTP request 1/1
	File Data: 36 bytes
	\r\n
Layer JSON:
	Object
	Member Key: msg
	String value: testing the packet capture
	Key: msg


In [7]: print(cap[3])
Packet (Length: 464)
Layer ETH:
	Destination: e4:5f:01:2a:64:fa
	Address: e4:5f:01:2a:64:fa
	.... ..0. .... .... .... .... = LG bit: Globally unique address (factory default)
	.... ...0 .... .... .... .... = IG bit: Individual address (unicast)
	Source: 00:0c:29:5c:04:22
	Type: IPv4 (0x0800)
	Address: 00:0c:29:5c:04:22
	.... ..0. .... .... .... .... = LG bit: Globally unique address (factory default)
	.... ...0 .... .... .... .... = IG bit: Individual address (unicast)
Layer IP:
	0100 .... = Version: 4
	.... 0101 = Header Length: 20 bytes (5)
	Differentiated Services Field: 0x00 (DSCP: CS0, ECN: Not-ECT)
	0000 00.. = Differentiated Services Codepoint: Default (0)
	.... ..00 = Explicit Congestion Notification: Not ECN-Capable Transport (0)
	Total Length: 450
	Identification: 0x6e8d (28301)
	Flags: 0x4000, Don't fragment
	0... .... .... .... = Reserved bit: Not set
	.1.. .... .... .... = Don't fragment: Set
	..0. .... .... .... = More fragments: Not set
	Fragment offset: 0
	Time to live: 64
	Protocol: TCP (6)
	Header checksum: 0x4743 [validation disabled]
	Header checksum status: Unverified
	Source: 192.168.1.13
	Destination: 192.168.1.8
Layer TCP:
	Source Port: 58890
	Destination Port: 8080
	Stream index: 0
	TCP Segment Len: 398
	Sequence number: 1    (relative sequence number)
	Next sequence number: 399    (relative sequence number)
	Acknowledgment number: 1    (relative ack number)
	1000 .... = Header Length: 32 bytes (8)
	Flags: 0x018 (PSH, ACK)
	000. .... .... = Reserved: Not set
	...0 .... .... = Nonce: Not set
	.... 0... .... = Congestion Window Reduced (CWR): Not set
	.... .0.. .... = ECN-Echo: Not set
	.... ..0. .... = Urgent: Not set
	.... ...1 .... = Acknowledgment: Set
	.... .... 1... = Push: Set
	.... .... .0.. = Reset: Not set
	.... .... ..0. = Syn: Not set
	.... .... ...0 = Fin: Not set
	TCP Flags: \xc2\xb7\xc2\xb7\xc2\xb7\xc2\xb7\xc2\xb7\xc2\xb7\xc2\xb7AP\xc2\xb7\xc2\xb7\xc2\xb7
	Window size value: 502
	Calculated window size: 64256
	Window size scaling factor: 128
	Checksum: 0xce6a [unverified]
	Checksum Status: Unverified
	Urgent pointer: 0
	Options: (12 bytes), No-Operation (NOP), No-Operation (NOP), Timestamps
	TCP Option - No-Operation (NOP)
	Kind: No-Operation (1)
	TCP Option - Timestamps: TSval 1397935938, TSecr 1938257487
	Length: 10
	Timestamp value: 1397935938
	Timestamp echo reply: 1938257487
	SEQ/ACK analysis
	iRTT: 0.008222000 seconds
	Bytes in flight: 398
	Bytes sent since last PSH flag: 398
	Timestamps
	Time since first frame in this TCP stream: 0.132862000 seconds
	Time since previous frame in this TCP stream: 0.124640000 seconds
	TCP payload (398 bytes)
	TCP Option - No-Operation (NOP)
	Kind: No-Operation (1)
	Kind: Time Stamp Option (8)
Layer HTTP:
	POST / HTTP/1.1\r\n
	Expert Info (Chat/Sequence): POST / HTTP/1.1\r\n
	POST / HTTP/1.1\r\n
	Severity level: Chat
	Group: Sequence
	Request Method: POST
	Request URI: /
	Request Version: HTTP/1.1
	Host: 192.168.1.8:8080\r\n
	Connection: keep-alive\r\n
	Content-Length: 36\r\n
	Content length: 36
	Accept: application/json\r\n
	User-Agent: Mozilla/5.0 (X11; Linux x86_64) AppleWebKit/537.36 (KHTML, like Gecko) electron-quick-start/1.0.0 Chrome/83.0.4103.122 Electron/9.4.4 Safari/537.36\r\n
	Content-Type: application/json\r\n
	Accept-Encoding: gzip, deflate\r\n
	Accept-Language: en-US\r\n
	Full request URI: http://192.168.1.8:8080/
	HTTP request 1/1
	File Data: 36 bytes
	\r\n
Layer JSON:
	Object
	Member Key: msg
	String value: testing the packet capture
	Key: msg


In [8]: 

